// Vitest Snapshot v1, https://vitest.dev/guide/snapshot.html

exports[`buildIR — golden samples > IR snapshot: 01-weekly-report.md 1`] = `
{
  "meta": {
    "author": "Clarence",
    "date": "2026-07-13",
    "lang": "zh-TW",
    "template": "clean-light",
    "title": "邊緣 AI 產品線週報 W28",
  },
  "slides": [
    {
      "blocks": [
        {
          "depth": 1,
          "kind": "heading",
          "text": [
            {
              "text": "邊緣 AI 產品線週報 W28",
            },
          ],
        },
        {
          "kind": "para",
          "text": [
            {
              "text": "Clarence · 2026-07-13",
            },
          ],
        },
      ],
      "headingPath": [],
      "layout": "title",
      "layoutSource": "inferred",
    },
    {
      "blocks": [
        {
          "depth": 2,
          "kind": "heading",
          "text": [
            {
              "text": "本週摘要",
            },
          ],
        },
        {
          "items": [
            {
              "desc": [
                {
                  "text": "GB10 試產批 20 台通過廠測,良率 96%",
                },
              ],
              "term": "出貨",
              "text": [
                {
                  "bold": true,
                  "text": "出貨",
                },
                {
                  "text": ":GB10 試產批 20 台通過廠測,良率 96%",
                },
              ],
            },
            {
              "desc": [
                {
                  "text": "遠端存取模組完成資安審查,進入整合測試",
                },
              ],
              "term": "軟體",
              "text": [
                {
                  "bold": true,
                  "text": "軟體",
                },
                {
                  "text": ":遠端存取模組完成資安審查,進入整合測試",
                },
              ],
            },
            {
              "desc": [
                {
                  "text": "兩家 EMS 客戶完成 PoC 簽核,排入 Q3 部署",
                },
              ],
              "term": "客戶",
              "text": [
                {
                  "bold": true,
                  "text": "客戶",
                },
                {
                  "text": ":兩家 EMS 客戶完成 PoC 簽核,排入 Q3 部署",
                },
              ],
            },
          ],
          "kind": "list",
          "ordered": false,
          "shape": "cards",
        },
      ],
      "headingPath": [
        "本週摘要",
      ],
      "layout": "cards",
      "layoutSource": "inferred",
      "notes": "開場 30 秒帶過,重點放下一頁的風險",
    },
    {
      "blocks": [
        {
          "depth": 2,
          "kind": "heading",
          "text": [
            {
              "text": "關鍵數字",
            },
          ],
        },
        {
          "kind": "stat",
          "label": "試產良率,高於 90% 的量產門檻",
          "value": "96%",
        },
      ],
      "headingPath": [
        "關鍵數字",
      ],
      "layout": "big-stat",
      "layoutSource": "inferred",
      "notes": "上批是 88%,改了治具之後跳上來的,可以提一下",
    },
    {
      "blocks": [
        {
          "depth": 2,
          "kind": "heading",
          "text": [
            {
              "text": "風險與需要的支援",
            },
          ],
        },
        {
          "emphasis": true,
          "kind": "para",
          "text": [
            {
              "text": "韌體簽章憑證流程仍卡在法務,若下週未解,量產排程延後兩週。",
            },
          ],
        },
        {
          "items": [
            {
              "text": [
                {
                  "bold": true,
                  "text": "需要",
                },
                {
                  "text": ":法務窗口本週內回覆憑證代管條款",
                },
              ],
            },
            {
              "text": [
                {
                  "bold": true,
                  "text": "備案",
                },
                {
                  "text": ":先以工程憑證出試產批,量產批換正式憑證",
                },
              ],
            },
          ],
          "kind": "list",
          "ordered": false,
          "shape": "plain",
        },
      ],
      "headingPath": [
        "風險與需要的支援",
      ],
      "layout": "content",
      "layoutSource": "inferred",
      "notes": "這頁是本次週報唯一的 ask,直接點名請主管協調",
    },
    {
      "blocks": [
        {
          "depth": 2,
          "kind": "heading",
          "text": [
            {
              "text": "下週計畫",
            },
          ],
        },
        {
          "items": [
            {
              "text": [
                {
                  "text": "整合測試完成遠端存取模組",
                },
              ],
            },
            {
              "text": [
                {
                  "text": "出貨第二批試產 30 台",
                },
              ],
            },
            {
              "text": [
                {
                  "text": "與客戶 A 確認 Q3 部署場勘日期",
                },
              ],
            },
          ],
          "kind": "list",
          "ordered": true,
          "shape": "steps",
        },
      ],
      "headingPath": [
        "下週計畫",
      ],
      "layout": "content",
      "layoutSource": "inferred",
    },
    {
      "blocks": [
        {
          "depth": 2,
          "kind": "heading",
          "text": [
            {
              "text": "附錄:測試明細",
            },
          ],
        },
        {
          "header": [
            [
              {
                "text": "測項",
              },
            ],
            [
              {
                "text": "樣本數",
              },
            ],
            [
              {
                "text": "通過",
              },
            ],
            [
              {
                "text": "備註",
              },
            ],
          ],
          "kind": "table",
          "rows": [
            [
              [
                {
                  "text": "高溫老化",
                },
              ],
              [
                {
                  "text": "20",
                },
              ],
              [
                {
                  "text": "20",
                },
              ],
              [
                {
                  "text": "55°C / 72hr",
                },
              ],
            ],
            [
              [
                {
                  "text": "振動",
                },
              ],
              [
                {
                  "text": "20",
                },
              ],
              [
                {
                  "text": "19",
                },
              ],
              [
                {
                  "text": "1 台螺絲鬆動,已改扭力值",
                },
              ],
            ],
            [
              [
                {
                  "text": "網路壓測",
                },
              ],
              [
                {
                  "text": "20",
                },
              ],
              [
                {
                  "text": "20",
                },
              ],
              [
                {
                  "text": "—",
                },
              ],
            ],
          ],
        },
      ],
      "headingPath": [
        "附錄:測試明細",
      ],
      "layout": "content",
      "layoutSource": "inferred",
      "skip": true,
    },
  ],
}
`;

exports[`buildIR — golden samples > IR snapshot: 02-product-proposal.md 1`] = `
{
  "meta": {
    "author": "產品團隊",
    "date": "2026-07-13",
    "lang": "zh-TW",
    "template": "midnight",
    "title": "廠內知識助理產品提案",
  },
  "slides": [
    {
      "blocks": [
        {
          "depth": 1,
          "kind": "heading",
          "text": [
            {
              "text": "廠內知識助理產品提案",
            },
          ],
        },
        {
          "kind": "para",
          "text": [
            {
              "text": "產品團隊 · 2026-07-13",
            },
          ],
        },
      ],
      "headingPath": [],
      "layout": "title",
      "layoutSource": "inferred",
    },
    {
      "blocks": [
        {
          "depth": 1,
          "kind": "heading",
          "text": [
            {
              "text": "問題",
            },
          ],
        },
      ],
      "headingPath": [
        "問題",
      ],
      "layout": "section",
      "layoutSource": "inferred",
    },
    {
      "blocks": [
        {
          "depth": 2,
          "kind": "heading",
          "text": [
            {
              "text": "產線知識正在流失",
            },
          ],
        },
        {
          "items": [
            {
              "desc": [
                {
                  "text": "三年內資深技術員退休比例達 28%",
                },
              ],
              "term": "老師傅退休潮",
              "text": [
                {
                  "bold": true,
                  "text": "老師傅退休潮",
                },
                {
                  "text": ":三年內資深技術員退休比例達 28%",
                },
              ],
            },
            {
              "desc": [
                {
                  "text": "SOP 更新平均落後現場做法 6 個月",
                },
              ],
              "term": "文件失效",
              "text": [
                {
                  "bold": true,
                  "text": "文件失效",
                },
                {
                  "text": ":SOP 更新平均落後現場做法 6 個月",
                },
              ],
            },
            {
              "desc": [
                {
                  "text": "新人獨立上線時間長達 4 個月",
                },
              ],
              "term": "交接斷層",
              "text": [
                {
                  "bold": true,
                  "text": "交接斷層",
                },
                {
                  "text": ":新人獨立上線時間長達 4 個月",
                },
              ],
            },
          ],
          "kind": "list",
          "ordered": false,
          "shape": "cards",
        },
      ],
      "headingPath": [
        "問題",
        "產線知識正在流失",
      ],
      "layout": "cards",
      "layoutSource": "inferred",
      "notes": "這三個數字來自 HR 與品保的年度報告,有人問就給出處",
    },
    {
      "blocks": [
        {
          "depth": 2,
          "kind": "heading",
          "text": [
            {
              "text": "代價",
            },
          ],
        },
        {
          "kind": "para",
          "text": [
            {
              "text": "每月 120 小時,是工程師花在「問人找答案」上的時間",
            },
          ],
        },
        {
          "cite": "某廠課長,訪談紀錄 2026-05",
          "kind": "quote",
          "text": [
            {
              "text": "同樣的問題,每一批新人都要重新踩一次。",
            },
          ],
        },
      ],
      "headingPath": [
        "問題",
        "代價",
      ],
      "layout": "content",
      "layoutSource": "inferred",
      "notes": "換算下來一年約一個全職人力",
    },
    {
      "blocks": [
        {
          "depth": 1,
          "kind": "heading",
          "text": [
            {
              "text": "方案",
            },
          ],
        },
      ],
      "headingPath": [
        "方案",
      ],
      "layout": "section",
      "layoutSource": "inferred",
    },
    {
      "blocks": [
        {
          "depth": 2,
          "kind": "heading",
          "text": [
            {
              "text": "廠內知識助理",
            },
          ],
        },
        {
          "kind": "para",
          "text": [
            {
              "bold": true,
              "text": "做什麼",
            },
          ],
        },
        {
          "items": [
            {
              "text": [
                {
                  "text": "吃進 SOP、維修紀錄、交接文件",
                },
              ],
            },
            {
              "text": [
                {
                  "text": "自然語言問答,回答附出處段落",
                },
              ],
            },
            {
              "text": [
                {
                  "text": "全程部署在廠內,資料不出網",
                },
              ],
            },
          ],
          "kind": "list",
          "ordered": false,
          "shape": "plain",
        },
        {
          "kind": "para",
          "text": [
            {
              "bold": true,
              "text": "不做什麼",
            },
          ],
        },
        {
          "items": [
            {
              "text": [
                {
                  "text": "不取代 SOP 審核流程",
                },
              ],
            },
            {
              "text": [
                {
                  "text": "不自動改寫文件",
                },
              ],
            },
            {
              "text": [
                {
                  "text": "不連外部雲端服務",
                },
              ],
            },
          ],
          "kind": "list",
          "ordered": false,
          "shape": "plain",
        },
      ],
      "columns": [
        [
          {
            "kind": "para",
            "text": [
              {
                "bold": true,
                "text": "做什麼",
              },
            ],
          },
          {
            "items": [
              {
                "text": [
                  {
                    "text": "吃進 SOP、維修紀錄、交接文件",
                  },
                ],
              },
              {
                "text": [
                  {
                    "text": "自然語言問答,回答附出處段落",
                  },
                ],
              },
              {
                "text": [
                  {
                    "text": "全程部署在廠內,資料不出網",
                  },
                ],
              },
            ],
            "kind": "list",
            "ordered": false,
            "shape": "plain",
          },
        ],
        [
          {
            "kind": "para",
            "text": [
              {
                "bold": true,
                "text": "不做什麼",
              },
            ],
          },
          {
            "items": [
              {
                "text": [
                  {
                    "text": "不取代 SOP 審核流程",
                  },
                ],
              },
              {
                "text": [
                  {
                    "text": "不自動改寫文件",
                  },
                ],
              },
              {
                "text": [
                  {
                    "text": "不連外部雲端服務",
                  },
                ],
              },
            ],
            "kind": "list",
            "ordered": false,
            "shape": "plain",
          },
        ],
      ],
      "headingPath": [
        "方案",
        "廠內知識助理",
      ],
      "layout": "two-col",
      "layoutSource": "directive",
      "notes": "右欄的「不做什麼」是給資安與品保看的,先講清楚邊界",
    },
    {
      "blocks": [
        {
          "depth": 2,
          "kind": "heading",
          "text": [
            {
              "text": "導入路徑",
            },
          ],
        },
        {
          "items": [
            {
              "text": [
                {
                  "text": "選一條產線做 8 週試點",
                },
              ],
            },
            {
              "text": [
                {
                  "text": "匯入該線 SOP 與半年維修紀錄",
                },
              ],
            },
            {
              "text": [
                {
                  "text": "量測「找答案時間」前後差異",
                },
              ],
            },
            {
              "text": [
                {
                  "text": "依結果決定全廠展開範圍",
                },
              ],
            },
          ],
          "kind": "list",
          "ordered": true,
          "shape": "steps",
        },
      ],
      "headingPath": [
        "方案",
        "導入路徑",
      ],
      "layout": "content",
      "layoutSource": "inferred",
    },
    {
      "blocks": [
        {
          "depth": 2,
          "kind": "heading",
          "text": [
            {
              "text": "決策請求",
            },
          ],
        },
        {
          "emphasis": true,
          "kind": "para",
          "text": [
            {
              "text": "本次僅請求核准試點:一條產線、8 週、預算上限見附錄。",
            },
          ],
        },
      ],
      "headingPath": [
        "方案",
        "決策請求",
      ],
      "layout": "content",
      "layoutSource": "inferred",
    },
    {
      "blocks": [
        {
          "depth": 2,
          "kind": "heading",
          "text": [
            {
              "text": "附錄:試點預算",
            },
          ],
        },
        {
          "header": [
            [
              {
                "text": "項目",
              },
            ],
            [
              {
                "text": "金額(千元)",
              },
            ],
            [
              {
                "text": "備註",
              },
            ],
          ],
          "kind": "table",
          "rows": [
            [
              [
                {
                  "text": "邊緣伺服器 ×1",
                },
              ],
              [
                {
                  "text": "380",
                },
              ],
              [
                {
                  "text": "既有機型",
                },
              ],
            ],
            [
              [
                {
                  "text": "軟體授權",
                },
              ],
              [
                {
                  "text": "120",
                },
              ],
              [
                {
                  "text": "8 週",
                },
              ],
            ],
            [
              [
                {
                  "text": "導入人力",
                },
              ],
              [
                {
                  "text": "200",
                },
              ],
              [
                {
                  "text": "0.5 FTE × 2 月",
                },
              ],
            ],
          ],
        },
      ],
      "headingPath": [
        "方案",
        "附錄:試點預算",
      ],
      "layout": "content",
      "layoutSource": "inferred",
      "skip": true,
    },
  ],
}
`;

exports[`buildIR — golden samples > IR snapshot: 03-tech-share.md 1`] = `
{
  "meta": {
    "author": "Clarence",
    "date": "2026-07-13",
    "lang": "zh-TW",
    "template": "clean-light",
    "title": "遠端存取架構:從 VPN 到零信任",
  },
  "slides": [
    {
      "blocks": [
        {
          "depth": 1,
          "kind": "heading",
          "text": [
            {
              "text": "遠端存取架構:從 VPN 到零信任",
            },
          ],
        },
        {
          "kind": "para",
          "text": [
            {
              "text": "Clarence · 2026-07-13",
            },
          ],
        },
      ],
      "headingPath": [],
      "layout": "title",
      "layoutSource": "inferred",
    },
    {
      "blocks": [
        {
          "depth": 2,
          "kind": "heading",
          "text": [
            {
              "text": "為什麼要換掉 VPN",
            },
          ],
        },
        {
          "items": [
            {
              "desc": [
                {
                  "text": "VPN 進來就是整段內網,橫向移動無阻攔",
                },
              ],
              "term": "攻擊面",
              "text": [
                {
                  "bold": true,
                  "text": "攻擊面",
                },
                {
                  "text": ":VPN 進來就是整段內網,橫向移動無阻攔",
                },
              ],
            },
            {
              "desc": [
                {
                  "text": "憑證與帳號生命週期分散在三套系統",
                },
              ],
              "term": "維運",
              "text": [
                {
                  "bold": true,
                  "text": "維運",
                },
                {
                  "text": ":憑證與帳號生命週期分散在三套系統",
                },
              ],
            },
            {
              "desc": [
                {
                  "text": "連線紀錄只到 IP 層,對不到人與行為",
                },
              ],
              "term": "稽核",
              "text": [
                {
                  "bold": true,
                  "text": "稽核",
                },
                {
                  "text": ":連線紀錄只到 IP 層,對不到人與行為",
                },
              ],
            },
          ],
          "kind": "list",
          "ordered": false,
          "shape": "cards",
        },
      ],
      "headingPath": [
        "為什麼要換掉 VPN",
      ],
      "layout": "cards",
      "layoutSource": "inferred",
      "notes": "先講痛,下一頁才上架構圖",
    },
    {
      "blocks": [
        {
          "depth": 2,
          "kind": "heading",
          "text": [
            {
              "text": "目標架構",
            },
          ],
        },
        {
          "engine": "mermaid",
          "kind": "diagram",
          "source": "flowchart LR
  U[使用者] --> IDP[身分驗證 IdP]
  IDP --> GW[存取閘道]
  GW --> P1[產線裝置 GB10]
  GW --> P2[廠級管理 VM]
  GW --> LOG[稽核日誌]",
        },
      ],
      "headingPath": [
        "目標架構",
      ],
      "layout": "diagram",
      "layoutSource": "inferred",
      "notes": "重點是所有連線都收斂到閘道,裝置端不開任何 inbound port",
    },
    {
      "blocks": [
        {
          "depth": 2,
          "kind": "heading",
          "text": [
            {
              "text": "連線建立流程",
            },
          ],
        },
        {
          "engine": "mermaid",
          "kind": "diagram",
          "source": "sequenceDiagram
  participant U as 使用者
  participant I as IdP
  participant G as 閘道
  participant D as 裝置
  U->>I: 登入 + MFA
  I-->>U: 短效 token
  U->>G: 攜 token 請求連線
  G->>D: 建立反向通道
  D-->>U: 工作階段(全程錄製)",
        },
      ],
      "headingPath": [
        "連線建立流程",
      ],
      "layout": "diagram",
      "layoutSource": "inferred",
    },
    {
      "blocks": [
        {
          "depth": 2,
          "kind": "heading",
          "text": [
            {
              "text": "遷移步驟",
            },
          ],
        },
        {
          "items": [
            {
              "text": [
                {
                  "text": "閘道與 IdP 上線,與 VPN 並行",
                },
              ],
            },
            {
              "text": [
                {
                  "text": "新裝置一律走閘道",
                },
              ],
            },
            {
              "text": [
                {
                  "text": "既有裝置分廠區批次切換",
                },
              ],
            },
            {
              "text": [
                {
                  "text": "VPN 降為緊急備援,六個月後除役",
                },
              ],
            },
          ],
          "kind": "list",
          "ordered": true,
          "shape": "steps",
        },
      ],
      "headingPath": [
        "遷移步驟",
      ],
      "layout": "content",
      "layoutSource": "inferred",
    },
    {
      "blocks": [
        {
          "depth": 2,
          "kind": "heading",
          "text": [
            {
              "text": "兩種方案比較",
            },
          ],
        },
        {
          "header": [
            [
              {
                "text": "面向",
              },
            ],
            [
              {
                "text": "續用 VPN",
              },
            ],
            [
              {
                "text": "零信任閘道",
              },
            ],
          ],
          "kind": "table",
          "rows": [
            [
              [
                {
                  "text": "最小權限",
                },
              ],
              [
                {
                  "text": "網段級",
                },
              ],
              [
                {
                  "text": "裝置級",
                },
              ],
            ],
            [
              [
                {
                  "text": "稽核粒度",
                },
              ],
              [
                {
                  "text": "IP/流量",
                },
              ],
              [
                {
                  "text": "人/指令/工作階段",
                },
              ],
            ],
            [
              [
                {
                  "text": "裝置 inbound port",
                },
              ],
              [
                {
                  "text": "需要",
                },
              ],
              [
                {
                  "text": "不需要",
                },
              ],
            ],
            [
              [
                {
                  "text": "導入成本",
                },
              ],
              [
                {
                  "text": "低",
                },
              ],
              [
                {
                  "text": "中",
                },
              ],
            ],
            [
              [
                {
                  "text": "憑證管理",
                },
              ],
              [
                {
                  "text": "三套系統",
                },
              ],
              [
                {
                  "text": "集中於 IdP",
                },
              ],
            ],
          ],
        },
      ],
      "fit": true,
      "headingPath": [
        "兩種方案比較",
      ],
      "layout": "content",
      "layoutSource": "inferred",
      "notes": "表格資訊密度高,這頁允許縮字;口頭只講「稽核粒度」那一列",
    },
    {
      "blocks": [
        {
          "depth": 2,
          "kind": "heading",
          "text": [
            {
              "text": "一句話總結",
            },
          ],
        },
        {
          "kind": "quote",
          "text": [
            {
              "text": "不是把牆加高,而是把每一次連線都變成一次授權。",
            },
          ],
        },
      ],
      "headingPath": [
        "一句話總結",
      ],
      "layout": "quote",
      "layoutSource": "inferred",
      "notes": "收尾頁,停在這裡開放提問",
    },
  ],
}
`;

exports[`buildIR — golden samples > IR snapshot: 04-okr-review.md 1`] = `
{
  "meta": {
    "author": "平台團隊",
    "date": "2026-07-13",
    "lang": "zh-TW",
    "template": "clean-light",
    "title": "2026 Q2 OKR 回顧",
  },
  "slides": [
    {
      "blocks": [
        {
          "depth": 1,
          "kind": "heading",
          "text": [
            {
              "text": "2026 Q2 OKR 回顧",
            },
          ],
        },
        {
          "kind": "para",
          "text": [
            {
              "text": "平台團隊 · 2026-07-13",
            },
          ],
        },
      ],
      "headingPath": [],
      "layout": "title",
      "layoutSource": "inferred",
    },
    {
      "blocks": [
        {
          "depth": 1,
          "kind": "heading",
          "text": [
            {
              "text": "成果",
            },
          ],
        },
      ],
      "headingPath": [
        "成果",
      ],
      "layout": "section",
      "layoutSource": "inferred",
    },
    {
      "blocks": [
        {
          "depth": 2,
          "kind": "heading",
          "text": [
            {
              "text": "O1:把部署時間降到 15 分鐘內",
            },
          ],
        },
        {
          "items": [
            {
              "desc": [
                {
                  "text": "平均部署時間 42 分 → 12 分,達標",
                },
              ],
              "term": "KR1",
              "text": [
                {
                  "bold": true,
                  "text": "KR1",
                },
                {
                  "text": ":平均部署時間 42 分 → 12 分,達標",
                },
              ],
            },
            {
              "desc": [
                {
                  "text": "部署失敗率 8% → 2.5%,達標",
                },
              ],
              "term": "KR2",
              "text": [
                {
                  "bold": true,
                  "text": "KR2",
                },
                {
                  "text": ":部署失敗率 8% → 2.5%,達標",
                },
              ],
            },
            {
              "desc": [
                {
                  "text": "回滾自動化覆蓋率 60%,未達標(目標 90%)",
                },
              ],
              "term": "KR3",
              "text": [
                {
                  "bold": true,
                  "text": "KR3",
                },
                {
                  "text": ":回滾自動化覆蓋率 60%,未達標(目標 90%)",
                },
              ],
            },
          ],
          "kind": "list",
          "ordered": false,
          "shape": "cards",
        },
      ],
      "headingPath": [
        "成果",
        "O1:把部署時間降到 15 分鐘內",
      ],
      "layout": "cards",
      "layoutSource": "inferred",
      "notes": "KR3 未達標的原因在下一頁,先不展開",
    },
    {
      "blocks": [
        {
          "depth": 2,
          "kind": "heading",
          "text": [
            {
              "text": "關鍵數字",
            },
          ],
        },
        {
          "kind": "stat",
          "label": "的季度部署在無人值守下完成",
          "value": "87%",
        },
      ],
      "headingPath": [
        "成果",
        "關鍵數字",
      ],
      "layout": "big-stat",
      "layoutSource": "inferred",
      "notes": "這個數字放大講,是全季最有感的改變",
    },
    {
      "blocks": [
        {
          "depth": 2,
          "kind": "heading",
          "text": [
            {
              "text": "O2:開發者滿意度",
            },
          ],
        },
        {
          "items": [
            {
              "desc": [
                {
                  "text": "季度調查 +34,較上季 +21 提升",
                },
              ],
              "term": "NPS",
              "text": [
                {
                  "bold": true,
                  "text": "NPS",
                },
                {
                  "text": ":季度調查 +34,較上季 +21 提升",
                },
              ],
            },
            {
              "desc": [
                {
                  "text": "平台相關支援工單下降四成",
                },
              ],
              "term": "工單",
              "text": [
                {
                  "bold": true,
                  "text": "工單",
                },
                {
                  "text": ":平台相關支援工單下降四成",
                },
              ],
            },
            {
              "desc": [
                {
                  "text": "新 CI 模板覆蓋 31 個 repo",
                },
              ],
              "term": "採用",
              "text": [
                {
                  "bold": true,
                  "text": "採用",
                },
                {
                  "text": ":新 CI 模板覆蓋 31 個 repo",
                },
              ],
            },
          ],
          "kind": "list",
          "ordered": false,
          "shape": "cards",
        },
      ],
      "headingPath": [
        "成果",
        "O2:開發者滿意度",
      ],
      "layout": "cards",
      "layoutSource": "inferred",
    },
    {
      "blocks": [
        {
          "depth": 1,
          "kind": "heading",
          "text": [
            {
              "text": "未達標與學習",
            },
          ],
        },
      ],
      "headingPath": [
        "未達標與學習",
      ],
      "layout": "section",
      "layoutSource": "inferred",
    },
    {
      "blocks": [
        {
          "depth": 2,
          "kind": "heading",
          "text": [
            {
              "text": "KR3 為什麼沒到 90%",
            },
          ],
        },
        {
          "kind": "para",
          "text": [
            {
              "bold": true,
              "text": "事實",
            },
          ],
        },
        {
          "items": [
            {
              "text": [
                {
                  "text": "有狀態服務的回滾需要資料遷移配套",
                },
              ],
            },
            {
              "text": [
                {
                  "text": "兩個核心服務仍在舊版建置鏈上",
                },
              ],
            },
            {
              "text": [
                {
                  "text": "測試環境資料與正式環境差距過大",
                },
              ],
            },
          ],
          "kind": "list",
          "ordered": false,
          "shape": "plain",
        },
        {
          "kind": "para",
          "text": [
            {
              "bold": true,
              "text": "學習",
            },
          ],
        },
        {
          "items": [
            {
              "text": [
                {
                  "text": "回滾自動化應以服務分級,不是一刀切",
                },
              ],
            },
            {
              "text": [
                {
                  "text": "舊建置鏈遷移要先於自動化排程",
                },
              ],
            },
            {
              "text": [
                {
                  "text": "合成資料集需求升級為 Q3 KR",
                },
              ],
            },
          ],
          "kind": "list",
          "ordered": false,
          "shape": "plain",
        },
      ],
      "columns": [
        [
          {
            "kind": "para",
            "text": [
              {
                "bold": true,
                "text": "事實",
              },
            ],
          },
          {
            "items": [
              {
                "text": [
                  {
                    "text": "有狀態服務的回滾需要資料遷移配套",
                  },
                ],
              },
              {
                "text": [
                  {
                    "text": "兩個核心服務仍在舊版建置鏈上",
                  },
                ],
              },
              {
                "text": [
                  {
                    "text": "測試環境資料與正式環境差距過大",
                  },
                ],
              },
            ],
            "kind": "list",
            "ordered": false,
            "shape": "plain",
          },
        ],
        [
          {
            "kind": "para",
            "text": [
              {
                "bold": true,
                "text": "學習",
              },
            ],
          },
          {
            "items": [
              {
                "text": [
                  {
                    "text": "回滾自動化應以服務分級,不是一刀切",
                  },
                ],
              },
              {
                "text": [
                  {
                    "text": "舊建置鏈遷移要先於自動化排程",
                  },
                ],
              },
              {
                "text": [
                  {
                    "text": "合成資料集需求升級為 Q3 KR",
                  },
                ],
              },
            ],
            "kind": "list",
            "ordered": false,
            "shape": "plain",
          },
        ],
      ],
      "headingPath": [
        "未達標與學習",
        "KR3 為什麼沒到 90%",
      ],
      "layout": "two-col",
      "layoutSource": "directive",
      "notes": "左邊講事實右邊講學習,避免變成檢討大會",
    },
    {
      "blocks": [
        {
          "depth": 2,
          "kind": "heading",
          "text": [
            {
              "text": "Q3 動向",
            },
          ],
        },
        {
          "items": [
            {
              "text": [
                {
                  "text": "回滾自動化改為 P0/P1 服務先行",
                },
              ],
            },
            {
              "text": [
                {
                  "text": "舊建置鏈兩個服務 8 月底前完成遷移",
                },
              ],
            },
            {
              "text": [
                {
                  "text": "合成資料集立項,與資安共同評審",
                },
              ],
            },
          ],
          "kind": "list",
          "ordered": true,
          "shape": "steps",
        },
      ],
      "headingPath": [
        "未達標與學習",
        "Q3 動向",
      ],
      "layout": "content",
      "layoutSource": "inferred",
    },
    {
      "blocks": [
        {
          "depth": 2,
          "kind": "heading",
          "text": [
            {
              "text": "附錄:KR 明細",
            },
          ],
        },
        {
          "header": [
            [
              {
                "text": "KR",
              },
            ],
            [
              {
                "text": "目標",
              },
            ],
            [
              {
                "text": "實際",
              },
            ],
            [
              {
                "text": "狀態",
              },
            ],
          ],
          "kind": "table",
          "rows": [
            [
              [
                {
                  "text": "部署時間",
                },
              ],
              [
                {
                  "text": "≤15 分",
                },
              ],
              [
                {
                  "text": "12 分",
                },
              ],
              [
                {
                  "text": "達標",
                },
              ],
            ],
            [
              [
                {
                  "text": "失敗率",
                },
              ],
              [
                {
                  "text": "≤3%",
                },
              ],
              [
                {
                  "text": "2.5%",
                },
              ],
              [
                {
                  "text": "達標",
                },
              ],
            ],
            [
              [
                {
                  "text": "回滾覆蓋",
                },
              ],
              [
                {
                  "text": "90%",
                },
              ],
              [
                {
                  "text": "60%",
                },
              ],
              [
                {
                  "text": "未達標",
                },
              ],
            ],
            [
              [
                {
                  "text": "NPS",
                },
              ],
              [
                {
                  "text": "+25",
                },
              ],
              [
                {
                  "text": "+34",
                },
              ],
              [
                {
                  "text": "達標",
                },
              ],
            ],
          ],
        },
      ],
      "headingPath": [
        "未達標與學習",
        "附錄:KR 明細",
      ],
      "layout": "content",
      "layoutSource": "inferred",
      "skip": true,
    },
  ],
}
`;

exports[`buildIR — golden samples > IR snapshot: 05-arch-proposal.md 1`] = `
{
  "meta": {
    "author": "架構組",
    "date": "2026-07-13",
    "lang": "zh-TW",
    "template": "midnight",
    "title": "事件匯流排架構提案",
  },
  "slides": [
    {
      "blocks": [
        {
          "depth": 1,
          "kind": "heading",
          "text": [
            {
              "text": "事件匯流排架構提案",
            },
          ],
        },
        {
          "kind": "para",
          "text": [
            {
              "text": "架構組 · 2026-07-13",
            },
          ],
        },
      ],
      "headingPath": [],
      "layout": "title",
      "layoutSource": "inferred",
    },
    {
      "blocks": [
        {
          "depth": 1,
          "kind": "heading",
          "text": [
            {
              "text": "現況",
            },
          ],
        },
      ],
      "headingPath": [
        "現況",
      ],
      "layout": "section",
      "layoutSource": "inferred",
    },
    {
      "blocks": [
        {
          "depth": 2,
          "kind": "heading",
          "text": [
            {
              "text": "服務間耦合已成瓶頸",
            },
          ],
        },
        {
          "items": [
            {
              "desc": [
                {
                  "text": "14 個服務、41 條直連依賴",
                },
              ],
              "term": "點對點呼叫",
              "text": [
                {
                  "bold": true,
                  "text": "點對點呼叫",
                },
                {
                  "text": ":14 個服務、41 條直連依賴",
                },
              ],
            },
            {
              "desc": [
                {
                  "text": "下游抖動放大為全鏈路事故",
                },
              ],
              "term": "重試風暴",
              "text": [
                {
                  "bold": true,
                  "text": "重試風暴",
                },
                {
                  "text": ":下游抖動放大為全鏈路事故",
                },
              ],
            },
            {
              "desc": [
                {
                  "text": "每接一個消費方要改動上游程式",
                },
              ],
              "term": "新需求",
              "text": [
                {
                  "bold": true,
                  "text": "新需求",
                },
                {
                  "text": ":每接一個消費方要改動上游程式",
                },
              ],
            },
          ],
          "kind": "list",
          "ordered": false,
          "shape": "cards",
        },
      ],
      "headingPath": [
        "現況",
        "服務間耦合已成瓶頸",
      ],
      "layout": "cards",
      "layoutSource": "inferred",
      "notes": "41 條依賴是上個月盤點的結果,圖在下一頁",
    },
    {
      "blocks": [
        {
          "depth": 2,
          "kind": "heading",
          "text": [
            {
              "text": "依賴現況",
            },
          ],
        },
        {
          "engine": "mermaid",
          "kind": "diagram",
          "source": "flowchart TD
  O[訂單] --> I[庫存]
  O --> N[通知]
  O --> A[帳務]
  I --> N
  A --> N
  O --> R[報表]
  I --> R
  A --> R
  N --> R",
        },
      ],
      "headingPath": [
        "現況",
        "依賴現況",
      ],
      "layout": "diagram",
      "layoutSource": "inferred",
      "notes": "只畫了核心 9 條,實際 41 條;重點是報表誰都連",
    },
    {
      "blocks": [
        {
          "depth": 1,
          "kind": "heading",
          "text": [
            {
              "text": "提案",
            },
          ],
        },
      ],
      "headingPath": [
        "提案",
      ],
      "layout": "section",
      "layoutSource": "inferred",
    },
    {
      "blocks": [
        {
          "depth": 2,
          "kind": "heading",
          "text": [
            {
              "text": "目標架構",
            },
          ],
        },
        {
          "engine": "mermaid",
          "kind": "diagram",
          "source": "flowchart LR
  O[訂單] --> BUS[(事件匯流排)]
  I[庫存] --> BUS
  A[帳務] --> BUS
  BUS --> N[通知]
  BUS --> R[報表]
  BUS --> DW[資料倉儲]",
        },
      ],
      "headingPath": [
        "提案",
        "目標架構",
      ],
      "layout": "diagram",
      "layoutSource": "inferred",
      "notes": "生產者只管發事件,消費者自行訂閱,新增消費方零上游改動",
    },
    {
      "blocks": [
        {
          "depth": 2,
          "kind": "heading",
          "text": [
            {
              "text": "事件流轉",
            },
          ],
        },
        {
          "engine": "mermaid",
          "kind": "diagram",
          "source": "sequenceDiagram
  participant O as 訂單服務
  participant B as 匯流排
  participant C as 消費者
  O->>B: OrderCreated(冪等鍵)
  B-->>O: ack(持久化後)
  B->>C: 推送(至少一次)
  C-->>B: 消費確認
  C->>C: 冪等去重",
        },
      ],
      "headingPath": [
        "提案",
        "事件流轉",
      ],
      "layout": "diagram",
      "layoutSource": "inferred",
    },
    {
      "blocks": [
        {
          "depth": 2,
          "kind": "heading",
          "text": [
            {
              "text": "設計決策",
            },
          ],
        },
        {
          "items": [
            {
              "desc": [
                {
                  "text": "至少一次 + 消費端冪等,不做恰好一次",
                },
              ],
              "term": "投遞語意",
              "text": [
                {
                  "bold": true,
                  "text": "投遞語意",
                },
                {
                  "text": ":至少一次 + 消費端冪等,不做恰好一次",
                },
              ],
            },
            {
              "desc": [
                {
                  "text": "僅同一聚合根內有序,以分區鍵實現",
                },
              ],
              "term": "順序保證",
              "text": [
                {
                  "bold": true,
                  "text": "順序保證",
                },
                {
                  "text": ":僅同一聚合根內有序,以分區鍵實現",
                },
              ],
            },
            {
              "desc": [
                {
                  "text": "schema registry 管理,相容性檢查進 CI",
                },
              ],
              "term": "事件契約",
              "text": [
                {
                  "bold": true,
                  "text": "事件契約",
                },
                {
                  "text": ":schema registry 管理,相容性檢查進 CI",
                },
              ],
            },
          ],
          "kind": "list",
          "ordered": false,
          "shape": "cards",
        },
      ],
      "headingPath": [
        "提案",
        "設計決策",
      ],
      "layout": "cards",
      "layoutSource": "inferred",
    },
    {
      "blocks": [
        {
          "depth": 2,
          "kind": "heading",
          "text": [
            {
              "text": "導入計畫",
            },
          ],
        },
        {
          "items": [
            {
              "text": [
                {
                  "text": "匯流排與 registry 上線,先接報表讀路徑",
                },
              ],
            },
            {
              "text": [
                {
                  "text": "訂單事件雙寫,消費方逐一切換",
                },
              ],
            },
            {
              "text": [
                {
                  "text": "直連依賴每季遞減目標入 OKR",
                },
              ],
            },
            {
              "text": [
                {
                  "text": "舊直連全部下線,保留緊急旁路",
                },
              ],
            },
          ],
          "kind": "list",
          "ordered": true,
          "shape": "steps",
        },
      ],
      "headingPath": [
        "提案",
        "導入計畫",
      ],
      "layout": "content",
      "layoutSource": "inferred",
      "notes": "雙寫期預計一季,風險最低的切法",
    },
    {
      "blocks": [
        {
          "depth": 2,
          "kind": "heading",
          "text": [
            {
              "text": "決策請求",
            },
          ],
        },
        {
          "emphasis": true,
          "kind": "para",
          "text": [
            {
              "text": "本次請求核准:匯流排選型定案與兩名工程師投入首季導入。",
            },
          ],
        },
      ],
      "headingPath": [
        "提案",
        "決策請求",
      ],
      "layout": "content",
      "layoutSource": "inferred",
    },
  ],
}
`;

exports[`buildIR — golden samples > IR snapshot: 06-incident-review.md 1`] = `
{
  "meta": {
    "author": "SRE",
    "date": "2026-07-13",
    "lang": "zh-TW",
    "template": "clean-light",
    "title": "0628 結帳服務事故複盤",
  },
  "slides": [
    {
      "blocks": [
        {
          "depth": 1,
          "kind": "heading",
          "text": [
            {
              "text": "0628 結帳服務事故複盤",
            },
          ],
        },
        {
          "kind": "para",
          "text": [
            {
              "text": "SRE · 2026-07-13",
            },
          ],
        },
      ],
      "headingPath": [],
      "layout": "title",
      "layoutSource": "inferred",
    },
    {
      "blocks": [
        {
          "depth": 2,
          "kind": "heading",
          "text": [
            {
              "text": "事故摘要",
            },
          ],
        },
        {
          "items": [
            {
              "desc": [
                {
                  "text": "結帳失敗率尖峰 34%,持續 47 分鐘",
                },
              ],
              "term": "影響",
              "text": [
                {
                  "bold": true,
                  "text": "影響",
                },
                {
                  "text": ":結帳失敗率尖峰 34%,持續 47 分鐘",
                },
              ],
            },
            {
              "desc": [
                {
                  "text": "行動端全量,網頁端約半數流量",
                },
              ],
              "term": "範圍",
              "text": [
                {
                  "bold": true,
                  "text": "範圍",
                },
                {
                  "text": ":行動端全量,網頁端約半數流量",
                },
              ],
            },
            {
              "desc": [
                {
                  "text": "快取叢集容錯移轉後連線風暴",
                },
              ],
              "term": "origin",
              "text": [
                {
                  "bold": true,
                  "text": "origin",
                },
                {
                  "text": ":快取叢集容錯移轉後連線風暴",
                },
              ],
            },
          ],
          "kind": "list",
          "ordered": false,
          "shape": "cards",
        },
      ],
      "headingPath": [
        "事故摘要",
      ],
      "layout": "cards",
      "layoutSource": "inferred",
      "notes": "開場先給結論,時間線在下一頁",
    },
    {
      "blocks": [
        {
          "depth": 2,
          "kind": "heading",
          "text": [
            {
              "text": "損失量化",
            },
          ],
        },
        {
          "kind": "stat",
          "label": "約 2,300 筆訂單未完成",
          "value": "47 分鐘",
        },
      ],
      "headingPath": [
        "損失量化",
      ],
      "layout": "big-stat",
      "layoutSource": "inferred",
      "notes": "客服已完成 8 成回撥,剩餘名單在工單系統",
    },
    {
      "blocks": [
        {
          "depth": 2,
          "kind": "heading",
          "text": [
            {
              "text": "時間線",
            },
          ],
        },
        {
          "items": [
            {
              "text": [
                {
                  "text": "14:02 快取主節點硬體故障,自動容錯移轉",
                },
              ],
            },
            {
              "text": [
                {
                  "text": "14:03 應用層連線池未釋放舊連線,開始堆積",
                },
              ],
            },
            {
              "text": [
                {
                  "text": "14:11 結帳服務執行緒耗盡,失敗率飆升",
                },
              ],
            },
            {
              "text": [
                {
                  "text": "14:31 定位到連線池設定,分批重啟",
                },
              ],
            },
            {
              "text": [
                {
                  "text": "14:49 失敗率回到基線,事故關閉",
                },
              ],
            },
          ],
          "kind": "list",
          "ordered": true,
          "shape": "steps",
        },
      ],
      "headingPath": [
        "時間線",
      ],
      "layout": "content",
      "layoutSource": "inferred",
    },
    {
      "blocks": [
        {
          "depth": 2,
          "kind": "heading",
          "text": [
            {
              "text": "根因",
            },
          ],
        },
        {
          "emphasis": true,
          "kind": "para",
          "text": [
            {
              "text": "連線池的 keepalive 驗證被停用:容錯移轉後死連線不會被剔除,新請求持續分配到失效連線。",
            },
          ],
        },
      ],
      "headingPath": [
        "根因",
      ],
      "layout": "content",
      "layoutSource": "inferred",
      "notes": "設定是兩年前為了壓測臨時改的,一直沒改回來",
    },
    {
      "blocks": [
        {
          "depth": 2,
          "kind": "heading",
          "text": [
            {
              "text": "為什麼沒被攔住",
            },
          ],
        },
        {
          "items": [
            {
              "desc": [
                {
                  "text": "壓測時的臨時設定未回收,無稽核",
                },
              ],
              "term": "設定漂移",
              "text": [
                {
                  "bold": true,
                  "text": "設定漂移",
                },
                {
                  "text": ":壓測時的臨時設定未回收,無稽核",
                },
              ],
            },
            {
              "desc": [
                {
                  "text": "容錯移轉演練只驗證資料層,未驗證應用層連線行為",
                },
              ],
              "term": "演練盲區",
              "text": [
                {
                  "bold": true,
                  "text": "演練盲區",
                },
                {
                  "text": ":容錯移轉演練只驗證資料層,未驗證應用層連線行為",
                },
              ],
            },
            {
              "desc": [
                {
                  "text": "連線池堆積無告警,首個告警已是執行緒耗盡",
                },
              ],
              "term": "告警延遲",
              "text": [
                {
                  "bold": true,
                  "text": "告警延遲",
                },
                {
                  "text": ":連線池堆積無告警,首個告警已是執行緒耗盡",
                },
              ],
            },
          ],
          "kind": "list",
          "ordered": false,
          "shape": "cards",
        },
      ],
      "headingPath": [
        "為什麼沒被攔住",
      ],
      "layout": "cards",
      "layoutSource": "inferred",
    },
    {
      "blocks": [
        {
          "depth": 2,
          "kind": "heading",
          "text": [
            {
              "text": "改善項",
            },
          ],
        },
        {
          "items": [
            {
              "text": [
                {
                  "text": "連線池設定全量稽核,納入設定基線管理",
                },
              ],
            },
            {
              "text": [
                {
                  "text": "容錯移轉演練加入應用層驗收條款",
                },
              ],
            },
            {
              "text": [
                {
                  "text": "連線池水位告警上線",
                },
              ],
            },
            {
              "text": [
                {
                  "text": "結帳服務增加快取旁路降級開關",
                },
              ],
            },
          ],
          "kind": "list",
          "ordered": true,
          "shape": "steps",
        },
      ],
      "headingPath": [
        "改善項",
      ],
      "layout": "content",
      "layoutSource": "inferred",
      "notes": "1 與 3 本週完成,2 與 4 排入下個 sprint",
    },
    {
      "blocks": [
        {
          "depth": 2,
          "kind": "heading",
          "text": [
            {
              "text": "附錄:監控圖表索引",
            },
          ],
        },
        {
          "header": [
            [
              {
                "text": "圖表",
              },
            ],
            [
              {
                "text": "位置",
              },
            ],
            [
              {
                "text": "備註",
              },
            ],
          ],
          "kind": "table",
          "rows": [
            [
              [
                {
                  "text": "失敗率",
                },
              ],
              [
                {
                  "text": "dashboards/checkout-sla",
                },
              ],
              [
                {
                  "text": "事故區間已標注",
                },
              ],
            ],
            [
              [
                {
                  "text": "連線池水位",
                },
              ],
              [
                {
                  "text": "dashboards/cache-pool",
                },
              ],
              [
                {
                  "text": "事後補建",
                },
              ],
            ],
            [
              [
                {
                  "text": "執行緒數",
                },
              ],
              [
                {
                  "text": "dashboards/jvm-threads",
                },
              ],
              [
                {
                  "text": "—",
                },
              ],
            ],
          ],
        },
      ],
      "headingPath": [
        "附錄:監控圖表索引",
      ],
      "layout": "content",
      "layoutSource": "inferred",
      "skip": true,
    },
  ],
}
`;

exports[`buildIR — golden samples > IR snapshot: 07-product-roadmap.md 1`] = `
{
  "meta": {
    "author": "產品部",
    "date": "2026-07-13",
    "lang": "zh-TW",
    "template": "midnight",
    "title": "邊緣盒子產品 Roadmap 2026 H2",
  },
  "slides": [
    {
      "blocks": [
        {
          "depth": 1,
          "kind": "heading",
          "text": [
            {
              "text": "邊緣盒子產品 Roadmap 2026 H2",
            },
          ],
        },
        {
          "kind": "para",
          "text": [
            {
              "text": "產品部 · 2026-07-13",
            },
          ],
        },
      ],
      "headingPath": [],
      "layout": "title",
      "layoutSource": "inferred",
    },
    {
      "blocks": [
        {
          "depth": 1,
          "kind": "heading",
          "text": [
            {
              "text": "主軸",
            },
          ],
        },
      ],
      "headingPath": [
        "主軸",
      ],
      "layout": "section",
      "layoutSource": "inferred",
    },
    {
      "blocks": [
        {
          "depth": 2,
          "kind": "heading",
          "text": [
            {
              "text": "H2 三個賭注",
            },
          ],
        },
        {
          "items": [
            {
              "desc": [
                {
                  "text": "遠端維運能力補齊,讓駐點人力歸零",
                },
              ],
              "term": "無人值守",
              "text": [
                {
                  "bold": true,
                  "text": "無人值守",
                },
                {
                  "text": ":遠端維運能力補齊,讓駐點人力歸零",
                },
              ],
            },
            {
              "desc": [
                {
                  "text": "第三方模型上架與計費,打開軟體收入",
                },
              ],
              "term": "模型市集",
              "text": [
                {
                  "bold": true,
                  "text": "模型市集",
                },
                {
                  "text": ":第三方模型上架與計費,打開軟體收入",
                },
              ],
            },
            {
              "desc": [
                {
                  "text": "百台級裝置的批次部署與監控",
                },
              ],
              "term": "車隊管理",
              "text": [
                {
                  "bold": true,
                  "text": "車隊管理",
                },
                {
                  "text": ":百台級裝置的批次部署與監控",
                },
              ],
            },
          ],
          "kind": "list",
          "ordered": false,
          "shape": "cards",
        },
      ],
      "headingPath": [
        "主軸",
        "H2 三個賭注",
      ],
      "layout": "cards",
      "layoutSource": "inferred",
      "notes": "三個賭注對應三種客戶:既有大客戶、ISV、新的連鎖場景",
    },
    {
      "blocks": [
        {
          "depth": 2,
          "kind": "heading",
          "text": [
            {
              "text": "時程總覽",
            },
          ],
        },
        {
          "engine": "mermaid",
          "kind": "diagram",
          "source": "gantt
  dateFormat YYYY-MM
  title 2026 H2
  section 無人值守
    遠端診斷        :2026-07, 2M
    OTA 分批發布     :2026-08, 2M
  section 模型市集
    上架流程        :2026-08, 2M
    計費與拆帳      :2026-10, 2M
  section 車隊管理
    批次部署        :2026-09, 2M
    告警中樞        :2026-11, 2M",
        },
      ],
      "headingPath": [
        "主軸",
        "時程總覽",
      ],
      "layout": "diagram",
      "layoutSource": "inferred",
      "notes": "灰色地帶是計費,依賴財務系統 API,已在對齊",
    },
    {
      "blocks": [
        {
          "depth": 1,
          "kind": "heading",
          "text": [
            {
              "text": "各賭注",
            },
          ],
        },
      ],
      "headingPath": [
        "各賭注",
      ],
      "layout": "section",
      "layoutSource": "inferred",
    },
    {
      "blocks": [
        {
          "depth": 2,
          "kind": "heading",
          "text": [
            {
              "text": "無人值守",
            },
          ],
        },
        {
          "items": [
            {
              "desc": [
                {
                  "text": "遠端診斷代理進試產批",
                },
              ],
              "term": "7 月",
              "text": [
                {
                  "bold": true,
                  "text": "7 月",
                },
                {
                  "text": ":遠端診斷代理進試產批",
                },
              ],
            },
            {
              "desc": [
                {
                  "text": "OTA 分批發布與自動回滾",
                },
              ],
              "term": "8 月",
              "text": [
                {
                  "bold": true,
                  "text": "8 月",
                },
                {
                  "text": ":OTA 分批發布與自動回滾",
                },
              ],
            },
            {
              "desc": [
                {
                  "text": "駐點巡檢改為遠端週檢,試點兩客戶",
                },
              ],
              "term": "9 月",
              "text": [
                {
                  "bold": true,
                  "text": "9 月",
                },
                {
                  "text": ":駐點巡檢改為遠端週檢,試點兩客戶",
                },
              ],
            },
          ],
          "kind": "list",
          "ordered": false,
          "shape": "cards",
        },
      ],
      "headingPath": [
        "各賭注",
        "無人值守",
      ],
      "layout": "cards",
      "layoutSource": "inferred",
    },
    {
      "blocks": [
        {
          "depth": 2,
          "kind": "heading",
          "text": [
            {
              "text": "模型市集",
            },
          ],
        },
        {
          "kind": "para",
          "text": [
            {
              "bold": true,
              "text": "對 ISV",
            },
          ],
        },
        {
          "items": [
            {
              "text": [
                {
                  "text": "上架自助化,審核 SLA 三個工作天",
                },
              ],
            },
            {
              "text": [
                {
                  "text": "沙箱裝置雲端租用",
                },
              ],
            },
            {
              "text": [
                {
                  "text": "收入拆帳月結",
                },
              ],
            },
          ],
          "kind": "list",
          "ordered": false,
          "shape": "plain",
        },
        {
          "kind": "para",
          "text": [
            {
              "bold": true,
              "text": "對終端客戶",
            },
          ],
        },
        {
          "items": [
            {
              "text": [
                {
                  "text": "站內一鍵試用,按日計費",
                },
              ],
            },
            {
              "text": [
                {
                  "text": "模型效能分級標示",
                },
              ],
            },
            {
              "text": [
                {
                  "text": "一鍵回退已購版本",
                },
              ],
            },
          ],
          "kind": "list",
          "ordered": false,
          "shape": "plain",
        },
      ],
      "columns": [
        [
          {
            "kind": "para",
            "text": [
              {
                "bold": true,
                "text": "對 ISV",
              },
            ],
          },
          {
            "items": [
              {
                "text": [
                  {
                    "text": "上架自助化,審核 SLA 三個工作天",
                  },
                ],
              },
              {
                "text": [
                  {
                    "text": "沙箱裝置雲端租用",
                  },
                ],
              },
              {
                "text": [
                  {
                    "text": "收入拆帳月結",
                  },
                ],
              },
            ],
            "kind": "list",
            "ordered": false,
            "shape": "plain",
          },
        ],
        [
          {
            "kind": "para",
            "text": [
              {
                "bold": true,
                "text": "對終端客戶",
              },
            ],
          },
          {
            "items": [
              {
                "text": [
                  {
                    "text": "站內一鍵試用,按日計費",
                  },
                ],
              },
              {
                "text": [
                  {
                    "text": "模型效能分級標示",
                  },
                ],
              },
              {
                "text": [
                  {
                    "text": "一鍵回退已購版本",
                  },
                ],
              },
            ],
            "kind": "list",
            "ordered": false,
            "shape": "plain",
          },
        ],
      ],
      "headingPath": [
        "各賭注",
        "模型市集",
      ],
      "layout": "two-col",
      "layoutSource": "directive",
    },
    {
      "blocks": [
        {
          "depth": 2,
          "kind": "heading",
          "text": [
            {
              "text": "北極星",
            },
          ],
        },
        {
          "kind": "stat",
          "label": "以上車隊客戶數,H2 目標 8 家",
          "value": "30 台",
        },
      ],
      "headingPath": [
        "各賭注",
        "北極星",
      ],
      "layout": "big-stat",
      "layoutSource": "inferred",
      "notes": "目前 3 家,pipeline 裡有 11 家在談",
    },
    {
      "blocks": [
        {
          "depth": 2,
          "kind": "heading",
          "text": [
            {
              "text": "附錄:依賴與風險",
            },
          ],
        },
        {
          "header": [
            [
              {
                "text": "項目",
              },
            ],
            [
              {
                "text": "依賴",
              },
            ],
            [
              {
                "text": "風險等級",
              },
            ],
          ],
          "kind": "table",
          "rows": [
            [
              [
                {
                  "text": "計費拆帳",
                },
              ],
              [
                {
                  "text": "財務系統 API",
                },
              ],
              [
                {
                  "text": "高",
                },
              ],
            ],
            [
              [
                {
                  "text": "OTA 回滾",
                },
              ],
              [
                {
                  "text": "分區儲存改版",
                },
              ],
              [
                {
                  "text": "中",
                },
              ],
            ],
            [
              [
                {
                  "text": "告警中樞",
                },
              ],
              [
                {
                  "text": "監控平台 v3",
                },
              ],
              [
                {
                  "text": "低",
                },
              ],
            ],
          ],
        },
      ],
      "headingPath": [
        "各賭注",
        "附錄:依賴與風險",
      ],
      "layout": "content",
      "layoutSource": "inferred",
      "skip": true,
    },
  ],
}
`;

exports[`buildIR — golden samples > IR snapshot: 08-teaching-notes.md 1`] = `
{
  "meta": {
    "author": "內訓講師",
    "date": "2026-07-13",
    "lang": "zh-TW",
    "template": "clean-light",
    "title": "Git 分支策略入門",
  },
  "slides": [
    {
      "blocks": [
        {
          "depth": 1,
          "kind": "heading",
          "text": [
            {
              "text": "Git 分支策略入門",
            },
          ],
        },
        {
          "kind": "para",
          "text": [
            {
              "text": "內訓講師 · 2026-07-13",
            },
          ],
        },
      ],
      "headingPath": [],
      "layout": "title",
      "layoutSource": "inferred",
    },
    {
      "blocks": [
        {
          "depth": 1,
          "kind": "heading",
          "text": [
            {
              "text": "概念",
            },
          ],
        },
      ],
      "headingPath": [
        "概念",
      ],
      "layout": "section",
      "layoutSource": "inferred",
    },
    {
      "blocks": [
        {
          "depth": 2,
          "kind": "heading",
          "text": [
            {
              "text": "為什麼需要分支策略",
            },
          ],
        },
        {
          "items": [
            {
              "desc": [
                {
                  "text": "多人同時開發互不阻塞",
                },
              ],
              "term": "並行",
              "text": [
                {
                  "bold": true,
                  "text": "並行",
                },
                {
                  "text": ":多人同時開發互不阻塞",
                },
              ],
            },
            {
              "desc": [
                {
                  "text": "每個變更有脈絡、可回退",
                },
              ],
              "term": "可回溯",
              "text": [
                {
                  "bold": true,
                  "text": "可回溯",
                },
                {
                  "text": ":每個變更有脈絡、可回退",
                },
              ],
            },
            {
              "desc": [
                {
                  "text": "隨時有一條可上線的乾淨主線",
                },
              ],
              "term": "可發布",
              "text": [
                {
                  "bold": true,
                  "text": "可發布",
                },
                {
                  "text": ":隨時有一條可上線的乾淨主線",
                },
              ],
            },
          ],
          "kind": "list",
          "ordered": false,
          "shape": "cards",
        },
      ],
      "headingPath": [
        "概念",
        "為什麼需要分支策略",
      ],
      "layout": "cards",
      "layoutSource": "inferred",
      "notes": "問學員:你們現在怎麼開分支?收 2-3 個答案再往下",
    },
    {
      "blocks": [
        {
          "depth": 2,
          "kind": "heading",
          "text": [
            {
              "text": "一條主線的心智模型",
            },
          ],
        },
        {
          "kind": "quote",
          "text": [
            {
              "text": "主線永遠可發布;所有工作在短命分支上完成,快進快出。",
            },
          ],
        },
      ],
      "headingPath": [
        "概念",
        "一條主線的心智模型",
      ],
      "layout": "quote",
      "layoutSource": "inferred",
      "notes": "這句是整堂課的錨,後面所有規則都推回這句",
    },
    {
      "blocks": [
        {
          "depth": 1,
          "kind": "heading",
          "text": [
            {
              "text": "實作",
            },
          ],
        },
      ],
      "headingPath": [
        "實作",
      ],
      "layout": "section",
      "layoutSource": "inferred",
    },
    {
      "blocks": [
        {
          "depth": 2,
          "kind": "heading",
          "text": [
            {
              "text": "分支流程",
            },
          ],
        },
        {
          "engine": "mermaid",
          "kind": "diagram",
          "source": "flowchart LR
  M[main] --> F[feature/checkout-fix]
  F --> PR[Pull Request]
  PR --> CI{CI 通過?}
  CI -->|是| R[Review]
  CI -->|否| F
  R --> M",
        },
      ],
      "headingPath": [
        "實作",
        "分支流程",
      ],
      "layout": "diagram",
      "layoutSource": "inferred",
    },
    {
      "blocks": [
        {
          "depth": 2,
          "kind": "heading",
          "text": [
            {
              "text": "日常操作步驟",
            },
          ],
        },
        {
          "items": [
            {
              "text": [
                {
                  "text": "從 main 切出 feature 分支",
                },
              ],
            },
            {
              "text": [
                {
                  "text": "小步提交,訊息寫「為什麼」",
                },
              ],
            },
            {
              "text": [
                {
                  "text": "推上遠端開 PR,CI 自動跑",
                },
              ],
            },
            {
              "text": [
                {
                  "text": "Review 通過後 squash 合併",
                },
              ],
            },
            {
              "text": [
                {
                  "text": "刪除已合併分支",
                },
              ],
            },
          ],
          "kind": "list",
          "ordered": true,
          "shape": "steps",
        },
      ],
      "headingPath": [
        "實作",
        "日常操作步驟",
      ],
      "layout": "content",
      "layoutSource": "inferred",
      "notes": "現場 demo 一輪,學員跟著做",
    },
    {
      "blocks": [
        {
          "depth": 2,
          "kind": "heading",
          "text": [
            {
              "text": "常見錯誤",
            },
          ],
        },
        {
          "items": [
            {
              "desc": [
                {
                  "text": "超過三天不合併,衝突機率倍增",
                },
              ],
              "term": "長命分支",
              "text": [
                {
                  "bold": true,
                  "text": "長命分支",
                },
                {
                  "text": ":超過三天不合併,衝突機率倍增",
                },
              ],
            },
            {
              "desc": [
                {
                  "text": "超過 400 行,review 品質崩壞",
                },
              ],
              "term": "巨型 PR",
              "text": [
                {
                  "bold": true,
                  "text": "巨型 PR",
                },
                {
                  "text": ":超過 400 行,review 品質崩壞",
                },
              ],
            },
            {
              "desc": [
                {
                  "text": "繞過 CI 與 review,事故常客",
                },
              ],
              "term": "直推主線",
              "text": [
                {
                  "bold": true,
                  "text": "直推主線",
                },
                {
                  "text": ":繞過 CI 與 review,事故常客",
                },
              ],
            },
          ],
          "kind": "list",
          "ordered": false,
          "shape": "cards",
        },
      ],
      "headingPath": [
        "實作",
        "常見錯誤",
      ],
      "layout": "cards",
      "layoutSource": "inferred",
      "notes": "每一條都配一個真實事故案例講",
    },
    {
      "blocks": [
        {
          "depth": 2,
          "kind": "heading",
          "text": [
            {
              "text": "檢核表",
            },
          ],
        },
        {
          "items": [
            {
              "checked": true,
              "text": [
                {
                  "text": "main 受保護,禁止直推",
                },
              ],
            },
            {
              "checked": true,
              "text": [
                {
                  "text": "PR 必須綠燈才可合併",
                },
              ],
            },
            {
              "checked": false,
              "text": [
                {
                  "text": "合併後自動刪分支",
                },
              ],
            },
            {
              "checked": false,
              "text": [
                {
                  "text": "主線壞掉時的凍結規則",
                },
              ],
            },
          ],
          "kind": "list",
          "ordered": false,
          "shape": "plain",
        },
      ],
      "headingPath": [
        "實作",
        "檢核表",
      ],
      "layout": "content",
      "layoutSource": "inferred",
      "notes": "前兩項多數團隊有,後兩項是今天回去要補的作業",
    },
    {
      "blocks": [
        {
          "depth": 2,
          "kind": "heading",
          "text": [
            {
              "text": "附錄:指令速查",
            },
          ],
        },
        {
          "header": [
            [
              {
                "text": "動作",
              },
            ],
            [
              {
                "text": "指令",
              },
            ],
          ],
          "kind": "table",
          "rows": [
            [
              [
                {
                  "text": "切分支",
                },
              ],
              [
                {
                  "code": true,
                  "text": "git switch -c feature/x",
                },
              ],
            ],
            [
              [
                {
                  "text": "更新基底",
                },
              ],
              [
                {
                  "code": true,
                  "text": "git fetch && git rebase origin/main",
                },
              ],
            ],
            [
              [
                {
                  "text": "互動整理",
                },
              ],
              [
                {
                  "code": true,
                  "text": "git rebase -i origin/main",
                },
              ],
            ],
            [
              [
                {
                  "text": "刪除遠端分支",
                },
              ],
              [
                {
                  "code": true,
                  "text": "git push origin --delete feature/x",
                },
              ],
            ],
          ],
        },
      ],
      "headingPath": [
        "實作",
        "附錄:指令速查",
      ],
      "layout": "content",
      "layoutSource": "inferred",
      "skip": true,
    },
  ],
}
`;

exports[`buildIR — golden samples > IR snapshot: 09-one-pager.md 1`] = `
{
  "meta": {
    "author": undefined,
    "date": "2026-07-13",
    "lang": "zh-TW",
    "template": "clean-light",
    "title": "會議室預約系統改版備忘",
  },
  "slides": [
    {
      "blocks": [
        {
          "depth": 1,
          "kind": "heading",
          "text": [
            {
              "text": "會議室預約系統改版備忘",
            },
          ],
        },
        {
          "kind": "para",
          "text": [
            {
              "text": "2026-07-13",
            },
          ],
        },
      ],
      "headingPath": [],
      "layout": "title",
      "layoutSource": "inferred",
    },
    {
      "blocks": [
        {
          "depth": 2,
          "kind": "heading",
          "text": [
            {
              "text": "一頁備忘",
            },
          ],
        },
        {
          "items": [
            {
              "desc": [
                {
                  "text": "尖峰時段 30% 的預約撞期後被手動協調",
                },
              ],
              "term": "問題",
              "text": [
                {
                  "bold": true,
                  "text": "問題",
                },
                {
                  "text": ":尖峰時段 30% 的預約撞期後被手動協調",
                },
              ],
            },
            {
              "desc": [
                {
                  "text": "改為資源日曆 + 自動候補,取消即遞補",
                },
              ],
              "term": "方案",
              "text": [
                {
                  "bold": true,
                  "text": "方案",
                },
                {
                  "text": ":改為資源日曆 + 自動候補,取消即遞補",
                },
              ],
            },
            {
              "desc": [
                {
                  "text": "兩名工程師 × 三週,無新增採購",
                },
              ],
              "term": "成本",
              "text": [
                {
                  "bold": true,
                  "text": "成本",
                },
                {
                  "text": ":兩名工程師 × 三週,無新增採購",
                },
              ],
            },
          ],
          "kind": "list",
          "ordered": false,
          "shape": "cards",
        },
      ],
      "headingPath": [
        "一頁備忘",
      ],
      "layout": "cards",
      "layoutSource": "inferred",
      "notes": "給主管的一頁版,詳細規格另有文件",
    },
    {
      "blocks": [
        {
          "depth": 2,
          "kind": "heading",
          "text": [
            {
              "text": "只要一個決定",
            },
          ],
        },
        {
          "kind": "para",
          "text": [
            {
              "text": "8/1 前核准,即可趕上 Q3 辦公室搬遷前上線",
            },
          ],
        },
      ],
      "headingPath": [
        "只要一個決定",
      ],
      "layout": "content",
      "layoutSource": "inferred",
      "notes": "過了 8/1 就得排到搬遷後,協調成本再吃一季",
    },
  ],
}
`;

exports[`buildIR — golden samples > IR snapshot: 10-bilingual-spec.md 1`] = `
{
  "meta": {
    "author": "Platform Team",
    "date": "2026-07-13",
    "lang": "zh-TW",
    "template": "midnight",
    "title": "Edge Agent 遙測上報規格",
  },
  "slides": [
    {
      "blocks": [
        {
          "depth": 1,
          "kind": "heading",
          "text": [
            {
              "text": "Edge Agent 遙測上報規格",
            },
          ],
        },
        {
          "kind": "para",
          "text": [
            {
              "text": "Platform Team · 2026-07-13",
            },
          ],
        },
      ],
      "headingPath": [],
      "layout": "title",
      "layoutSource": "inferred",
    },
    {
      "blocks": [
        {
          "depth": 2,
          "kind": "heading",
          "text": [
            {
              "text": "Scope",
            },
          ],
        },
        {
          "items": [
            {
              "desc": [
                {
                  "text": "MQTT over TLS 1.3,單向 outbound",
                },
              ],
              "term": "上報通道",
              "text": [
                {
                  "bold": true,
                  "text": "上報通道",
                },
                {
                  "text": ":MQTT over TLS 1.3,單向 outbound",
                },
              ],
            },
            {
              "desc": [
                {
                  "text": "heartbeat、metrics、event 三類 topic",
                },
              ],
              "term": "資料類別",
              "text": [
                {
                  "bold": true,
                  "text": "資料類別",
                },
                {
                  "text": ":heartbeat、metrics、event 三類 topic",
                },
              ],
            },
            {
              "desc": [
                {
                  "text": "離線時本地 ring buffer 暫存 72 小時",
                },
              ],
              "term": "降級行為",
              "text": [
                {
                  "bold": true,
                  "text": "降級行為",
                },
                {
                  "text": ":離線時本地 ring buffer 暫存 72 小時",
                },
              ],
            },
          ],
          "kind": "list",
          "ordered": false,
          "shape": "cards",
        },
      ],
      "headingPath": [
        "Scope",
      ],
      "layout": "cards",
      "layoutSource": "inferred",
      "notes": "中英混排文件,術語保留英文、敘述用中文",
    },
    {
      "blocks": [
        {
          "depth": 2,
          "kind": "heading",
          "text": [
            {
              "text": "Topic 結構",
            },
          ],
        },
        {
          "kind": "code",
          "lang": undefined,
          "value": "telemetry/{site_id}/{device_id}/heartbeat
telemetry/{site_id}/{device_id}/metrics
telemetry/{site_id}/{device_id}/event",
        },
      ],
      "headingPath": [
        "Topic 結構",
      ],
      "layout": "content",
      "layoutSource": "inferred",
      "notes": "site_id 對應廠區,device_id 出廠燒錄不可變",
    },
    {
      "blocks": [
        {
          "depth": 2,
          "kind": "heading",
          "text": [
            {
              "text": "Payload 約定",
            },
          ],
        },
        {
          "kind": "para",
          "text": [
            {
              "bold": true,
              "text": "Envelope(必填)",
            },
          ],
        },
        {
          "items": [
            {
              "text": [
                {
                  "code": true,
                  "text": "schema_ver",
                },
                {
                  "text": ":語意化版本,破壞性變更進位 major",
                },
              ],
            },
            {
              "text": [
                {
                  "code": true,
                  "text": "ts",
                },
                {
                  "text": ":UTC epoch ms,由裝置端打點",
                },
              ],
            },
            {
              "text": [
                {
                  "code": true,
                  "text": "seq",
                },
                {
                  "text": ":單調遞增,斷線重連不歸零",
                },
              ],
            },
          ],
          "kind": "list",
          "ordered": false,
          "shape": "plain",
        },
        {
          "kind": "para",
          "text": [
            {
              "bold": true,
              "text": "Metrics body",
            },
          ],
        },
        {
          "items": [
            {
              "text": [
                {
                  "code": true,
                  "text": "cpu_pct",
                },
                {
                  "text": " / ",
                },
                {
                  "code": true,
                  "text": "mem_pct",
                },
                {
                  "text": ":0–100 float",
                },
              ],
            },
            {
              "text": [
                {
                  "code": true,
                  "text": "gpu_util",
                },
                {
                  "text": ":無 GPU 時省略欄位,不送 null",
                },
              ],
            },
            {
              "text": [
                {
                  "code": true,
                  "text": "temp_c",
                },
                {
                  "text": ":攝氏,一位小數",
                },
              ],
            },
          ],
          "kind": "list",
          "ordered": false,
          "shape": "plain",
        },
      ],
      "columns": [
        [
          {
            "kind": "para",
            "text": [
              {
                "bold": true,
                "text": "Envelope(必填)",
              },
            ],
          },
          {
            "items": [
              {
                "text": [
                  {
                    "code": true,
                    "text": "schema_ver",
                  },
                  {
                    "text": ":語意化版本,破壞性變更進位 major",
                  },
                ],
              },
              {
                "text": [
                  {
                    "code": true,
                    "text": "ts",
                  },
                  {
                    "text": ":UTC epoch ms,由裝置端打點",
                  },
                ],
              },
              {
                "text": [
                  {
                    "code": true,
                    "text": "seq",
                  },
                  {
                    "text": ":單調遞增,斷線重連不歸零",
                  },
                ],
              },
            ],
            "kind": "list",
            "ordered": false,
            "shape": "plain",
          },
        ],
        [
          {
            "kind": "para",
            "text": [
              {
                "bold": true,
                "text": "Metrics body",
              },
            ],
          },
          {
            "items": [
              {
                "text": [
                  {
                    "code": true,
                    "text": "cpu_pct",
                  },
                  {
                    "text": " / ",
                  },
                  {
                    "code": true,
                    "text": "mem_pct",
                  },
                  {
                    "text": ":0–100 float",
                  },
                ],
              },
              {
                "text": [
                  {
                    "code": true,
                    "text": "gpu_util",
                  },
                  {
                    "text": ":無 GPU 時省略欄位,不送 null",
                  },
                ],
              },
              {
                "text": [
                  {
                    "code": true,
                    "text": "temp_c",
                  },
                  {
                    "text": ":攝氏,一位小數",
                  },
                ],
              },
            ],
            "kind": "list",
            "ordered": false,
            "shape": "plain",
          },
        ],
      ],
      "headingPath": [
        "Payload 約定",
      ],
      "layout": "two-col",
      "layoutSource": "directive",
    },
    {
      "blocks": [
        {
          "depth": 2,
          "kind": "heading",
          "text": [
            {
              "text": "上報頻率",
            },
          ],
        },
        {
          "items": [
            {
              "desc": [
                {
                  "text": "30s 固定,jitter ±3s",
                },
              ],
              "term": "heartbeat",
              "text": [
                {
                  "bold": true,
                  "text": "heartbeat",
                },
                {
                  "text": ":30s 固定,jitter ±3s",
                },
              ],
            },
            {
              "desc": [
                {
                  "text": "60s,可由平台下行調整至 10s–300s",
                },
              ],
              "term": "metrics",
              "text": [
                {
                  "bold": true,
                  "text": "metrics",
                },
                {
                  "text": ":60s,可由平台下行調整至 10s–300s",
                },
              ],
            },
            {
              "desc": [
                {
                  "text": "即時,重試採指數退避",
                },
              ],
              "term": "event",
              "text": [
                {
                  "bold": true,
                  "text": "event",
                },
                {
                  "text": ":即時,重試採指數退避",
                },
              ],
            },
          ],
          "kind": "list",
          "ordered": false,
          "shape": "cards",
        },
      ],
      "headingPath": [
        "上報頻率",
      ],
      "layout": "cards",
      "layoutSource": "inferred",
    },
    {
      "blocks": [
        {
          "depth": 2,
          "kind": "heading",
          "text": [
            {
              "text": "資料流",
            },
          ],
        },
        {
          "engine": "mermaid",
          "kind": "diagram",
          "source": "sequenceDiagram
  participant D as Edge Agent
  participant B as MQTT Broker
  participant P as Pipeline
  D->>B: publish(QoS1, retain=false)
  B-->>D: PUBACK
  B->>P: bridge to ingestion
  P->>P: schema validation
  P-->>B: DLQ on invalid",
        },
      ],
      "headingPath": [
        "資料流",
      ],
      "layout": "diagram",
      "layoutSource": "inferred",
      "notes": "QoS1 + 冪等 seq,平台端去重",
    },
    {
      "blocks": [
        {
          "depth": 2,
          "kind": "heading",
          "text": [
            {
              "text": "Compliance 邊界",
            },
          ],
        },
        {
          "emphasis": true,
          "kind": "para",
          "text": [
            {
              "text": "所有 payload 禁止含 PII;event 內容僅允許機器狀態碼,不得夾帶操作者資訊。",
            },
          ],
        },
      ],
      "headingPath": [
        "Compliance 邊界",
      ],
      "layout": "content",
      "layoutSource": "inferred",
    },
    {
      "blocks": [
        {
          "depth": 2,
          "kind": "heading",
          "text": [
            {
              "text": "Appendix:錯誤碼",
            },
          ],
        },
        {
          "header": [
            [
              {
                "text": "Code",
              },
            ],
            [
              {
                "text": "意義",
              },
            ],
            [
              {
                "text": "處置",
              },
            ],
          ],
          "kind": "table",
          "rows": [
            [
              [
                {
                  "text": "E1001",
                },
              ],
              [
                {
                  "text": "schema 驗證失敗",
                },
              ],
              [
                {
                  "text": "進 DLQ,告警彙整",
                },
              ],
            ],
            [
              [
                {
                  "text": "E1002",
                },
              ],
              [
                {
                  "text": "seq 回捲",
                },
              ],
              [
                {
                  "text": "視為重啟,重建 session",
                },
              ],
            ],
            [
              [
                {
                  "text": "E1003",
                },
              ],
              [
                {
                  "text": "憑證過期",
                },
              ],
              [
                {
                  "text": "裝置端自動換發",
                },
              ],
            ],
          ],
        },
      ],
      "headingPath": [
        "Appendix:錯誤碼",
      ],
      "layout": "content",
      "layoutSource": "inferred",
      "skip": true,
    },
  ],
}
`;
